2026-03-01 8.2
2026-03-02 7.0
2026-03-03 6.6
2026-03-04 7.2
2026-03-05 7.5
2026-03-06 6.3
2026-03-07 8.4
2026-03-08 8.1
2026-03-09 7.3
2026-03-10 6.9
2026-03-11 7.0
2026-03-12 2.7
2026-03-13 6.2
2026-03-14 8.5
2026-03-15 8.3
2026-03-16 7.1
2026-03-17 6.8
2026-03-18 7.4
2026-03-19 7.6
2026-03-20 6.1
2026-03-21 8.7
2026-03-22 8.2
2026-03-24 6.7
2026-03-25 7.3
2026-03-26 7.9
2026-03-27 6.5
2026-03-28 8.4
2026-03-29 8.0
2026-03-30 7.2
2026-03-31 6.8
2026-04-01 7.1
2026-04-02 7.6
2026-04-03 6.3
2026-04-04 8.5
2026-04-05 8.1
2026-04-06 7.0
2026-04-11 8.6
2026-04-12 8.2
2026-04-13 7.3
2026-04-14 6.9
2026-04-15 7.1
2026-04-16 7.7
2026-04-17 6.2
2026-04-18 8.5
2026-04-19 0.3
2026-04-20 7.0
2026-04-21 6.7
2026-04-22 7.4
2026-04-23 7.6
2026-04-24 6.3
2026-04-25 8.4
2026-04-26 8.1
2026-04-27 7.2
2026-04-28 6.8
2026-04-29 7.0
2026-04-30 7.5
2026-05-01 6.4
2026-05-02 8.6
2026-05-03 8.2
2026-05-04 7.1
2026-05-05 6.7
2026-05-06 7.3
2026-05-07 7.8
2026-05-08 6.5
2026-05-09 8.4
2026-05-10 8.0
2026-05-11 7.2